// Vitest Snapshot v1

exports[`rendering of AgencyInfo Component > checks if component renders group 1 1`] = `
<div
  className="grid-row grid-gap"
  data-testid="grid"
>
  <div
    className="grid-col-12 tablet:grid-col-10 desktop:grid-col-8"
    data-testid="grid"
  >
    <div
      className="grid-row grid-gap"
      data-testid="grid"
    >
      <div
        className="grid-col-4"
        data-testid="grid"
      >
        <div>
          <div
            className="gatsby-image-wrapper gatsby-image-wrapper-constrained"
            data-gatsby-image-wrapper=""
            style={
              {
                "backgroundColor": undefined,
                "display": "inline-block",
                "overflow": "hidden",
                "position": "relative",
                "verticalAlign": "top",
              }
            }
          >
            <div
              style={
                {
                  "display": "block",
                  "maxWidth": 334,
                }
              }
            >
              <img
                alt=""
                aria-hidden="true"
                role="presentation"
                src="data:image/svg+xml;charset=utf-8,%3Csvg%20height='278'%20width='334'%20xmlns='http://www.w3.org/2000/svg'%20version='1.1'%3E%3C/svg%3E"
                style={
                  {
                    "display": "block",
                    "maxWidth": "100%",
                    "position": "static",
                  }
                }
              />
            </div>
            <div
              aria-hidden={true}
              data-placeholder-image=""
              style={
                {
                  "height": "100%",
                  "left": 0,
                  "position": "absolute",
                  "top": 0,
                  "width": "100%",
                }
              }
            />
            <picture>
              <source
                data-srcset="/static/703cdc54fb8f1bddfe59854183c3829b/59647/agency-a.webp 84w,/static/703cdc54fb8f1bddfe59854183c3829b/02be2/agency-a.webp 167w,/static/703cdc54fb8f1bddfe59854183c3829b/7adb0/agency-a.webp 334w"
                sizes="(min-width: 334px) 334px, 100vw"
                type="image/webp"
              />
              <img
                alt="Agency logo"
                data-gatsby-image-ssr=""
                data-main-image=""
                data-src="/static/703cdc54fb8f1bddfe59854183c3829b/dff88/agency-a.png"
                data-srcset="/static/703cdc54fb8f1bddfe59854183c3829b/c3bfd/agency-a.png 84w,/static/703cdc54fb8f1bddfe59854183c3829b/53761/agency-a.png 167w,/static/703cdc54fb8f1bddfe59854183c3829b/dff88/agency-a.png 334w"
                decoding="async"
                loading="lazy"
                sizes="(min-width: 334px) 334px, 100vw"
                style={
                  {
                    "backgroundColor": undefined,
                    "height": "100%",
                    "left": 0,
                    "objectFit": undefined,
                    "objectPosition": undefined,
                    "opacity": 0,
                    "position": "absolute",
                    "top": 0,
                    "transform": "translateZ(0)",
                    "transition": "opacity 250ms linear",
                    "width": "100%",
                    "willChange": "opacity",
                  }
                }
              />
            </picture>
            <noscript>
              <picture>
                <source
                  sizes="(min-width: 334px) 334px, 100vw"
                  srcSet="/static/703cdc54fb8f1bddfe59854183c3829b/59647/agency-a.webp 84w,/static/703cdc54fb8f1bddfe59854183c3829b/02be2/agency-a.webp 167w,/static/703cdc54fb8f1bddfe59854183c3829b/7adb0/agency-a.webp 334w"
                  type="image/webp"
                />
                <img
                  alt="Agency logo"
                  data-gatsby-image-ssr=""
                  data-main-image=""
                  decoding="async"
                  loading="lazy"
                  sizes="(min-width: 334px) 334px, 100vw"
                  src="/static/703cdc54fb8f1bddfe59854183c3829b/dff88/agency-a.png"
                  srcSet="/static/703cdc54fb8f1bddfe59854183c3829b/c3bfd/agency-a.png 84w,/static/703cdc54fb8f1bddfe59854183c3829b/53761/agency-a.png 167w,/static/703cdc54fb8f1bddfe59854183c3829b/dff88/agency-a.png 334w"
                  style={
                    {
                      "backgroundColor": undefined,
                      "height": "100%",
                      "left": 0,
                      "objectFit": undefined,
                      "objectPosition": undefined,
                      "opacity": 0,
                      "position": "absolute",
                      "top": 0,
                      "transform": "translateZ(0)",
                      "transition": "opacity 250ms linear",
                      "width": "100%",
                      "willChange": "opacity",
                    }
                  }
                />
              </picture>
            </noscript>
            <script
              dangerouslySetInnerHTML={
                {
                  "__html": "const t=\\"undefined\\"!=typeof HTMLImageElement&&\\"loading\\"in HTMLImageElement.prototype;if(t){const t=document.querySelectorAll(\\"img[data-main-image]\\");for(let e of t){e.dataset.src&&(e.setAttribute(\\"src\\",e.dataset.src),e.removeAttribute(\\"data-src\\")),e.dataset.srcset&&(e.setAttribute(\\"srcset\\",e.dataset.srcset),e.removeAttribute(\\"data-srcset\\"));const t=e.parentNode.querySelectorAll(\\"source[data-srcset]\\");for(let e of t)e.setAttribute(\\"srcset\\",e.dataset.srcset),e.removeAttribute(\\"data-srcset\\");e.complete&&(e.style.opacity=1,e.parentNode.parentNode.querySelector(\\"[data-placeholder-image]\\").style.opacity=0)}}",
                }
              }
              type="module"
            />
          </div>
          <h3>
            Test Agency
          </h3>
          <span>
            1 Pennsylvania Avenue N.W.
          </span>
          <span>
            Washington, D.C. 20004
          </span>
          <span>
            (212) 533-3333
          </span>
          <span>
            <a
              className="usa-link usa-link--alt usa-link--external"
              href="https://someagency.gov"
              rel="noopener noreferrer"
              target="_blank"
            >
              someagency.gov
            </a>
          </span>
        </div>
      </div>
      <div
        className="grid-col-8"
        data-testid="grid"
      >
        <div>
          <h2>
            About the Test Agency
          </h2>
          <p>
            mission
          </p>
           
        </div>
      </div>
    </div>
    <div
      className="grid-row grid-gap"
      data-testid="grid"
    >
      <p>
        This page provides information on how
         
        <strong>
          the Test Agency
        </strong>
         is working to reduce climate and environmental burdens and harms in communities across America. It is part of Phase One of the Biden-Harris Administration's Environmental Justice Scorecard.
      </p>
    </div>
  </div>
  <div
    className="grid-col-12 tablet:grid-col-10 desktop:grid-col-1"
    data-testid="grid"
  />
  <div
    className="grid-col-12 tablet:grid-col-10 desktop:grid-col-3"
    data-testid="grid"
  />
</div>
`;

exports[`rendering of ScorecardSideNav Component > checks if component renders 1`] = `null`;

exports[`rendering of TemplateSection3 Component > checks if component renders 1`] = `
[
  <div
    className="grid-row"
    data-testid="grid"
  >
    <div
      className="grid-col-12 tablet:grid-col-10 desktop:grid-col-8"
      data-testid="grid"
    >
      <h2
        className="scorecard-header2"
      >
        Institutionalizing Environmental Justice
      </h2>
    </div>
  </div>,
  <div
    className="grid-row grid-gap-6"
    data-testid="grid"
  >
    <div
      className="grid-col-12 tablet:grid-col-10 desktop:grid-col-8"
      data-testid="grid"
    >
      <p
        className="margin-top-0"
      >
        Since the start of the Biden-Harris Administration, federal agencies have been working to embed environmental justice into all aspects of their work, including by implementing
         
        <a
          className="usa-link usa-link--alt usa-link--external"
          href="https://www.archives.gov/files/federal-register/executive-orders/pdf/12898.pdf"
          rel="noreferrer"
          target="_blank"
        >
          Executive Order 12898
        </a>
         
        and
        <a
          className="usa-link usa-link--alt usa-link--external"
          href="https://www.federalregister.gov/documents/2021/02/01/2021-02177/tackling-the-climate-crisis-at-home-and-abroad#:~:text=Sec.%20223.%20Justice40,40-percent%20goal."
          rel="noreferrer"
          target="_blank"
        >
          Executive Order 14008
        </a>
        . The following information shares some of the work
         
        <strong>
          the Test Agency
        </strong>
         has done from January 2021 to September 2022 to institutionalize environmental justice.
      </p>
      <p>
        <strong>
          Phase One Scorecard metrics and highlights include:
        </strong>
      </p>
      <ul
        className="bullet1"
      >
        <li>
          <strong>
            Has
          </strong>
           an environmental justice Strategic Plan that 
          <strong>
            was not
          </strong>
           
          updated in the past 5 years
        </li>
        <ul />
        <li>
          <strong>
            100
          </strong>
           environmental justice tool(s) or resource(s)
        </li>
        <li>
          <strong>
            100
          </strong>
           staff that work on environmental justice, either in a full- or part-time capacity
        </li>
        <li>
          <strong>
            100
          </strong>
           trainings for staff on environmental justice, as a general environmental justice training or Civil Rights and environmental justice training
        </li>
        <li>
          <strong>
            100
          </strong>
           new or strengthened office on environmental justice
        </li>
        <li>
          <strong>
            100
          </strong>
           new or strengthened office internal working group(s)/steering committee(s)/council(s) on environmental justice
           
        </li>
      </ul>
    </div>
    <div
      className="grid-col-12 tablet:grid-col-10 desktop:grid-col-4"
      data-testid="grid"
    >
      <div
        className="usa-summary-box"
        data-testid="summary-box"
      >
        <div
          className="usa-summary-box__body"
        >
          <h3
            className="usa-summary-box__heading"
          >
            TAG's Institutionalizing Environmental Justice highlights
          </h3>
          <div
            className="usa-summary-box__text"
          >
            test
          </div>
        </div>
      </div>
    </div>
  </div>,
]
`;
