// Vitest Snapshot v1

exports[`rendering of ScorecardSideNav Component > checks if component renders 1`] = `null`;
