// Vitest Snapshot v1

exports[`rendering of AppFooter Component > checks if component renders 1`] = `
<footer
  className="app-footer"
>
  <div
    className="usa-footer__primary-section"
    data-cy="footer-primary-block"
  >
    <div
      className="grid-container-desktop-lg"
      data-testid="gridContainer"
    >
      <div
        className="grid-row tablet-lg:grid-col4"
      >
        <div
          className="mobile-lg:grid-col-12 desktop:grid-col-4"
        >
          <section>
            <div
              className="j40-h4"
            >
              <strong>
                Contact
              </strong>
            </div>
            <ul
              className="usa-list usa-list--unstyled"
            >
              <li
                className="usa-footer__secondary-link"
              >
                <address
                  className="usa-footer__address j40-footer-address"
                >
                  <div
                    className="usa-footer__contact-info grid-row grid-gap"
                  >
                    <div
                      className="grid-col-auto"
                    >
                      Council on Environmental Quality
                    </div>
                    <div
                      className="grid-col-auto"
                    >
                      730 Jackson Pl NW
                    </div>
                    <div
                      className="grid-col-auto"
                    >
                      Washington, D.C. 20506
                    </div>
                    <div
                      className="grid-col-auto"
                    >
                      (202) 395-5750
                    </div>
                  </div>
                </address>
              </li>
            </ul>
          </section>
        </div>
        <div
          className="mobile-lg:grid-col-12 desktop:grid-col-4"
        >
          <section>
            <div
              className="j40-h4"
            >
              <strong>
                More information
              </strong>
            </div>
            <ul
              className="usa-list usa-list--unstyled"
            >
              <li
                className="usa-footer__secondary-link"
              >
                <a
                  className="footer-link-first-child"
                  href="https://www.whitehouse.gov/"
                  target="_blank"
                >
                  Whitehouse.gov
                </a>
              </li>
              <li
                className="usa-footer__secondary-link"
              >
                <a
                  href="https://www.whitehouse.gov/ceq/foia"
                  target="_blank"
                >
                  Freedom of Information Act (FOIA)
                </a>
              </li>
              <li
                className="usa-footer__secondary-link"
              >
                <a
                  href="https://www.whitehouse.gov/privacy/"
                  target="_blank"
                >
                  Privacy Policy
                </a>
              </li>
            </ul>
          </section>
        </div>
        <div
          className="mobile-lg:grid-col-12 desktop:grid-col-4"
        >
          <section>
            <div
              className="j40-h4"
            >
              <strong>
                Have questions about government services?
              </strong>
            </div>
            <ul
              className="usa-list usa-list--unstyled"
            >
              <li
                className="usa-footer__secondary-link"
              >
                <a
                  className="footer-link-first-child"
                  href="#"
                  target="_blank"
                >
                  Find a contact at USA.gov
                </a>
              </li>
            </ul>
          </section>
        </div>
      </div>
    </div>
  </div>
  <div
    className="usa-footer__secondary-section"
  >
    <div
      className="grid-container-desktop-lg"
      data-testid="gridContainer"
    >
      <div
        className="grid-row"
        data-testid="grid"
      >
        <div
          className="grid-col-1"
          data-testid="grid"
        >
          <div
            className="gatsby-image-wrapper gatsby-image-wrapper-constrained"
            data-gatsby-image-wrapper=""
            style={
              {
                "backgroundColor": undefined,
                "display": "inline-block",
                "overflow": "hidden",
                "position": "relative",
                "verticalAlign": "top",
              }
            }
          >
            <div
              style={
                {
                  "display": "block",
                  "maxWidth": 500,
                }
              }
            >
              <img
                alt=""
                aria-hidden="true"
                role="presentation"
                src="data:image/svg+xml;charset=utf-8,%3Csvg%20height='500'%20width='500'%20xmlns='http://www.w3.org/2000/svg'%20version='1.1'%3E%3C/svg%3E"
                style={
                  {
                    "display": "block",
                    "maxWidth": "100%",
                    "position": "static",
                  }
                }
              />
            </div>
            <div
              aria-hidden={true}
              data-placeholder-image=""
              style={
                {
                  "height": "100%",
                  "left": 0,
                  "position": "absolute",
                  "top": 0,
                  "width": "100%",
                }
              }
            />
            <picture>
              <source
                data-srcset="/static/0b564c52880012d2cf2cf2ead8582803/d66e1/footer-seal.webp 125w,/static/0b564c52880012d2cf2cf2ead8582803/e7160/footer-seal.webp 250w,/static/0b564c52880012d2cf2cf2ead8582803/5f169/footer-seal.webp 500w"
                sizes="(min-width: 500px) 500px, 100vw"
                type="image/webp"
              />
              <img
                alt="Agency logo"
                data-gatsby-image-ssr=""
                data-main-image=""
                data-src="/static/0b564c52880012d2cf2cf2ead8582803/82c11/footer-seal.png"
                data-srcset="/static/0b564c52880012d2cf2cf2ead8582803/2fd20/footer-seal.png 125w,/static/0b564c52880012d2cf2cf2ead8582803/de391/footer-seal.png 250w,/static/0b564c52880012d2cf2cf2ead8582803/82c11/footer-seal.png 500w"
                decoding="async"
                loading="lazy"
                sizes="(min-width: 500px) 500px, 100vw"
                style={
                  {
                    "backgroundColor": undefined,
                    "height": "100%",
                    "left": 0,
                    "objectFit": undefined,
                    "objectPosition": undefined,
                    "opacity": 0,
                    "position": "absolute",
                    "top": 0,
                    "transform": "translateZ(0)",
                    "transition": "opacity 250ms linear",
                    "width": "100%",
                    "willChange": "opacity",
                  }
                }
              />
            </picture>
            <noscript>
              <picture>
                <source
                  sizes="(min-width: 500px) 500px, 100vw"
                  srcSet="/static/0b564c52880012d2cf2cf2ead8582803/d66e1/footer-seal.webp 125w,/static/0b564c52880012d2cf2cf2ead8582803/e7160/footer-seal.webp 250w,/static/0b564c52880012d2cf2cf2ead8582803/5f169/footer-seal.webp 500w"
                  type="image/webp"
                />
                <img
                  alt="Agency logo"
                  data-gatsby-image-ssr=""
                  data-main-image=""
                  decoding="async"
                  loading="lazy"
                  sizes="(min-width: 500px) 500px, 100vw"
                  src="/static/0b564c52880012d2cf2cf2ead8582803/82c11/footer-seal.png"
                  srcSet="/static/0b564c52880012d2cf2cf2ead8582803/2fd20/footer-seal.png 125w,/static/0b564c52880012d2cf2cf2ead8582803/de391/footer-seal.png 250w,/static/0b564c52880012d2cf2cf2ead8582803/82c11/footer-seal.png 500w"
                  style={
                    {
                      "backgroundColor": undefined,
                      "height": "100%",
                      "left": 0,
                      "objectFit": undefined,
                      "objectPosition": undefined,
                      "opacity": 0,
                      "position": "absolute",
                      "top": 0,
                      "transform": "translateZ(0)",
                      "transition": "opacity 250ms linear",
                      "width": "100%",
                      "willChange": "opacity",
                    }
                  }
                />
              </picture>
            </noscript>
            <script
              dangerouslySetInnerHTML={
                {
                  "__html": "const t=\\"undefined\\"!=typeof HTMLImageElement&&\\"loading\\"in HTMLImageElement.prototype;if(t){const t=document.querySelectorAll(\\"img[data-main-image]\\");for(let e of t){e.dataset.src&&(e.setAttribute(\\"src\\",e.dataset.src),e.removeAttribute(\\"data-src\\")),e.dataset.srcset&&(e.setAttribute(\\"srcset\\",e.dataset.srcset),e.removeAttribute(\\"data-srcset\\"));const t=e.parentNode.querySelectorAll(\\"source[data-srcset]\\");for(let e of t)e.setAttribute(\\"srcset\\",e.dataset.srcset),e.removeAttribute(\\"data-srcset\\");e.complete&&(e.style.opacity=1,e.parentNode.parentNode.querySelector(\\"[data-placeholder-image]\\").style.opacity=0)}}",
                }
              }
              type="module"
            />
          </div>
        </div>
        <div
          className="grid-col-11"
          data-testid="grid"
        >
          <div>
            <div>
              The Council on Environmental Quality (CEQ), Office of Management and Budget (OMB), and the White House Environmental Justice Interagency Council (IAC)
            </div>
            <div>
              CEQ, OMB and the IAC acknowledges appreciates the support provided by the
               
              <a
                className="usa-link usa-link--alt usa-link--external"
                href="https://www.usds.gov/"
                rel="noopener noreferrer"
                target="_blank"
              >
                U.S. Digital Service
              </a>
               
              and the
               
              <a
                className="usa-link usa-link--alt usa-link--external"
                href="https://www.whitehouse.gov/ostp/"
                rel="noopener noreferrer"
                target="_blank"
              >
                Office of Science, Technology, and Privacy
              </a>
               
              for this website, which is hosted on the
               
              <a
                className="usa-link usa-link--alt usa-link--external"
                href="https://www.doi.gov/"
                rel="noopener noreferrer"
                target="_blank"
              >
                Department of the Interior's
              </a>
               
              Geoplatform.
            </div>
          </div>
        </div>
      </div>
    </div>
  </div>
</footer>
`;
